[0.012s] Invoking command in '/home/v120506/rmitbot_v1/lesson5_ws/build/rmitbot_firmware': CMAKE_PREFIX_PATH=${CMAKE_PREFIX_PATH}:/opt/ros/jazzy DEBUGINFOD_URLS=https://debuginfod.ubuntu.com /usr/bin/cmake /home/v120506/rmitbot_v1/lesson5_ws/src/rmitbot_firmware -DCMAKE_INSTALL_PREFIX=/home/v120506/rmitbot_v1/lesson5_ws/install/rmitbot_firmware
[0.150s] -- The C compiler identification is GNU 13.3.0
[0.278s] -- The CXX compiler identification is GNU 13.3.0
[0.301s] -- Detecting C compiler ABI info
[0.403s] -- Detecting C compiler ABI info - done
[0.419s] -- Check for working C compiler: /usr/bin/cc - skipped
[0.419s] -- Detecting C compile features
[0.420s] -- Detecting C compile features - done
[0.431s] -- Detecting CXX compiler ABI info
[0.545s] -- Detecting CXX compiler ABI info - done
[0.556s] -- Check for working CXX compiler: /usr/bin/c++ - skipped
[0.557s] -- Detecting CXX compile features
[0.557s] -- Detecting CXX compile features - done
[0.561s] -- Found ament_cmake: 2.5.4 (/opt/ros/jazzy/share/ament_cmake/cmake)
[0.744s] -- Found Python3: /usr/bin/python3 (found version "3.12.3") found components: Interpreter 
[0.892s] -- Found rclcpp: 28.1.10 (/opt/ros/jazzy/share/rclcpp/cmake)
[0.961s] -- Found rosidl_generator_c: 4.6.5 (/opt/ros/jazzy/share/rosidl_generator_c/cmake)
[0.985s] -- Found rosidl_generator_cpp: 4.6.5 (/opt/ros/jazzy/share/rosidl_generator_cpp/cmake)
[1.014s] -- Using all available rosidl_typesupport_c: rosidl_typesupport_fastrtps_c;rosidl_typesupport_introspection_c
[1.043s] -- Using all available rosidl_typesupport_cpp: rosidl_typesupport_fastrtps_cpp;rosidl_typesupport_introspection_cpp
[1.171s] -- Found rmw_implementation_cmake: 7.3.2 (/opt/ros/jazzy/share/rmw_implementation_cmake/cmake)
[1.176s] -- Found rmw_fastrtps_cpp: 8.4.2 (/opt/ros/jazzy/share/rmw_fastrtps_cpp/cmake)
[1.289s] -- Found OpenSSL: /usr/lib/x86_64-linux-gnu/libcrypto.so (found version "3.0.13")  
[1.308s] -- Found FastRTPS: /opt/ros/jazzy/include (Required is at least version "2.13") 
[1.329s] -- Using RMW implementation 'rmw_fastrtps_cpp' as default
[1.419s] -- Found std_msgs: 5.3.6 (/opt/ros/jazzy/share/std_msgs/cmake)
[1.431s] -- Found hardware_interface: 4.32.0 (/opt/ros/jazzy/share/hardware_interface/cmake)
[1.785s] -- Found PkgConfig: /usr/bin/pkg-config (found version "1.8.1") 
[1.785s] -- Checking for module 'libserial'
[1.797s] --   Found libserial, version 1.0.0
[1.892s] -- Configuring done (1.9s)
[1.910s] -- Generating done (0.0s)
[1.914s] -- Build files have been written to: /home/v120506/rmitbot_v1/lesson5_ws/build/rmitbot_firmware
[1.922s] Invoked command in '/home/v120506/rmitbot_v1/lesson5_ws/build/rmitbot_firmware' returned '0': CMAKE_PREFIX_PATH=${CMAKE_PREFIX_PATH}:/opt/ros/jazzy DEBUGINFOD_URLS=https://debuginfod.ubuntu.com /usr/bin/cmake /home/v120506/rmitbot_v1/lesson5_ws/src/rmitbot_firmware -DCMAKE_INSTALL_PREFIX=/home/v120506/rmitbot_v1/lesson5_ws/install/rmitbot_firmware
[1.923s] Invoking command in '/home/v120506/rmitbot_v1/lesson5_ws/build/rmitbot_firmware': CMAKE_PREFIX_PATH=${CMAKE_PREFIX_PATH}:/opt/ros/jazzy DEBUGINFOD_URLS=https://debuginfod.ubuntu.com /usr/bin/cmake --build /home/v120506/rmitbot_v1/lesson5_ws/build/rmitbot_firmware -- -j8 -l8
[1.962s] [ 50%] [32mBuilding CXX object CMakeFiles/rmitbot_firmware.dir/src/rmitbot_interface.cpp.o[0m
[5.770s] [100%] [32m[1mLinking CXX shared library librmitbot_firmware.so[0m
[5.953s] [100%] Built target rmitbot_firmware
[5.961s] Invoked command in '/home/v120506/rmitbot_v1/lesson5_ws/build/rmitbot_firmware' returned '0': CMAKE_PREFIX_PATH=${CMAKE_PREFIX_PATH}:/opt/ros/jazzy DEBUGINFOD_URLS=https://debuginfod.ubuntu.com /usr/bin/cmake --build /home/v120506/rmitbot_v1/lesson5_ws/build/rmitbot_firmware -- -j8 -l8
[5.962s] Invoking command in '/home/v120506/rmitbot_v1/lesson5_ws/build/rmitbot_firmware': CMAKE_PREFIX_PATH=${CMAKE_PREFIX_PATH}:/opt/ros/jazzy DEBUGINFOD_URLS=https://debuginfod.ubuntu.com /usr/bin/cmake --install /home/v120506/rmitbot_v1/lesson5_ws/build/rmitbot_firmware
[5.968s] -- Install configuration: ""
[5.968s] -- Installing: /home/v120506/rmitbot_v1/lesson5_ws/install/rmitbot_firmware/share/rmitbot_firmware/rmitbot_interface.xml
[5.969s] -- Installing: /home/v120506/rmitbot_v1/lesson5_ws/install/rmitbot_firmware/lib/librmitbot_firmware.so
[5.970s] -- Set non-toolchain portion of runtime path of "/home/v120506/rmitbot_v1/lesson5_ws/install/rmitbot_firmware/lib/librmitbot_firmware.so" to ""
[5.970s] -- Installing: /home/v120506/rmitbot_v1/lesson5_ws/install/rmitbot_firmware/include
[5.970s] -- Installing: /home/v120506/rmitbot_v1/lesson5_ws/install/rmitbot_firmware/include/rmitbot_firmware
[5.970s] -- Installing: /home/v120506/rmitbot_v1/lesson5_ws/install/rmitbot_firmware/include/rmitbot_firmware/rmitbot_interface.hpp
[5.970s] -- Installing: /home/v120506/rmitbot_v1/lesson5_ws/install/rmitbot_firmware/share/rmitbot_firmware/launch
[5.970s] -- Installing: /home/v120506/rmitbot_v1/lesson5_ws/install/rmitbot_firmware/share/rmitbot_firmware/launch/hardware_interface.launch.py
[5.970s] -- Installing: /home/v120506/rmitbot_v1/lesson5_ws/install/rmitbot_firmware/share/rmitbot_firmware/environment/library_path.sh
[5.970s] -- Installing: /home/v120506/rmitbot_v1/lesson5_ws/install/rmitbot_firmware/share/rmitbot_firmware/environment/library_path.dsv
[5.970s] -- Installing: /home/v120506/rmitbot_v1/lesson5_ws/install/rmitbot_firmware/share/ament_index/resource_index/package_run_dependencies/rmitbot_firmware
[5.970s] -- Installing: /home/v120506/rmitbot_v1/lesson5_ws/install/rmitbot_firmware/share/ament_index/resource_index/parent_prefix_path/rmitbot_firmware
[5.970s] -- Installing: /home/v120506/rmitbot_v1/lesson5_ws/install/rmitbot_firmware/share/rmitbot_firmware/environment/ament_prefix_path.sh
[5.971s] -- Installing: /home/v120506/rmitbot_v1/lesson5_ws/install/rmitbot_firmware/share/rmitbot_firmware/environment/ament_prefix_path.dsv
[5.971s] -- Installing: /home/v120506/rmitbot_v1/lesson5_ws/install/rmitbot_firmware/share/rmitbot_firmware/environment/path.sh
[5.971s] -- Installing: /home/v120506/rmitbot_v1/lesson5_ws/install/rmitbot_firmware/share/rmitbot_firmware/environment/path.dsv
[5.971s] -- Installing: /home/v120506/rmitbot_v1/lesson5_ws/install/rmitbot_firmware/share/rmitbot_firmware/local_setup.bash
[5.971s] -- Installing: /home/v120506/rmitbot_v1/lesson5_ws/install/rmitbot_firmware/share/rmitbot_firmware/local_setup.sh
[5.971s] -- Installing: /home/v120506/rmitbot_v1/lesson5_ws/install/rmitbot_firmware/share/rmitbot_firmware/local_setup.zsh
[5.971s] -- Installing: /home/v120506/rmitbot_v1/lesson5_ws/install/rmitbot_firmware/share/rmitbot_firmware/local_setup.dsv
[5.971s] -- Installing: /home/v120506/rmitbot_v1/lesson5_ws/install/rmitbot_firmware/share/rmitbot_firmware/package.dsv
[5.971s] -- Installing: /home/v120506/rmitbot_v1/lesson5_ws/install/rmitbot_firmware/share/ament_index/resource_index/packages/rmitbot_firmware
[5.971s] -- Installing: /home/v120506/rmitbot_v1/lesson5_ws/install/rmitbot_firmware/share/ament_index/resource_index/hardware_interface__pluginlib__plugin/rmitbot_firmware
[5.971s] -- Installing: /home/v120506/rmitbot_v1/lesson5_ws/install/rmitbot_firmware/share/rmitbot_firmware/cmake/ament_cmake_export_include_directories-extras.cmake
[5.971s] -- Installing: /home/v120506/rmitbot_v1/lesson5_ws/install/rmitbot_firmware/share/rmitbot_firmware/cmake/ament_cmake_export_libraries-extras.cmake
[5.971s] -- Installing: /home/v120506/rmitbot_v1/lesson5_ws/install/rmitbot_firmware/share/rmitbot_firmware/cmake/ament_cmake_export_dependencies-extras.cmake
[5.971s] -- Installing: /home/v120506/rmitbot_v1/lesson5_ws/install/rmitbot_firmware/share/rmitbot_firmware/cmake/rmitbot_firmwareConfig.cmake
[5.972s] -- Installing: /home/v120506/rmitbot_v1/lesson5_ws/install/rmitbot_firmware/share/rmitbot_firmware/cmake/rmitbot_firmwareConfig-version.cmake
[5.972s] -- Installing: /home/v120506/rmitbot_v1/lesson5_ws/install/rmitbot_firmware/share/rmitbot_firmware/package.xml
[5.973s] Invoked command in '/home/v120506/rmitbot_v1/lesson5_ws/build/rmitbot_firmware' returned '0': CMAKE_PREFIX_PATH=${CMAKE_PREFIX_PATH}:/opt/ros/jazzy DEBUGINFOD_URLS=https://debuginfod.ubuntu.com /usr/bin/cmake --install /home/v120506/rmitbot_v1/lesson5_ws/build/rmitbot_firmware
