[0.016s] Invoking command in '/home/v120506/rmitbot_v1/lesson5_ws/build/rmitbot_bringup': CMAKE_PREFIX_PATH=${CMAKE_PREFIX_PATH}:/opt/ros/jazzy DEBUGINFOD_URLS=https://debuginfod.ubuntu.com /usr/bin/cmake /home/v120506/rmitbot_v1/lesson5_ws/src/rmitbot_bringup -DCMAKE_INSTALL_PREFIX=/home/v120506/rmitbot_v1/lesson5_ws/install/rmitbot_bringup
[0.167s] -- The C compiler identification is GNU 13.3.0
[0.290s] -- The CXX compiler identification is GNU 13.3.0
[0.311s] -- Detecting C compiler ABI info
[0.423s] -- Detecting C compiler ABI info - done
[0.438s] -- Check for working C compiler: /usr/bin/cc - skipped
[0.438s] -- Detecting C compile features
[0.439s] -- Detecting C compile features - done
[0.449s] -- Detecting CXX compiler ABI info
[0.558s] -- Detecting CXX compiler ABI info - done
[0.574s] -- Check for working CXX compiler: /usr/bin/c++ - skipped
[0.575s] -- Detecting CXX compile features
[0.576s] -- Detecting CXX compile features - done
[0.581s] -- Found ament_cmake: 2.5.4 (/opt/ros/jazzy/share/ament_cmake/cmake)
[0.767s] -- Found Python3: /usr/bin/python3 (found version "3.12.3") found components: Interpreter 
[0.997s] -- Configuring done (1.0s)
[1.001s] -- Generating done (0.0s)
[1.003s] -- Build files have been written to: /home/v120506/rmitbot_v1/lesson5_ws/build/rmitbot_bringup
[1.010s] Invoked command in '/home/v120506/rmitbot_v1/lesson5_ws/build/rmitbot_bringup' returned '0': CMAKE_PREFIX_PATH=${CMAKE_PREFIX_PATH}:/opt/ros/jazzy DEBUGINFOD_URLS=https://debuginfod.ubuntu.com /usr/bin/cmake /home/v120506/rmitbot_v1/lesson5_ws/src/rmitbot_bringup -DCMAKE_INSTALL_PREFIX=/home/v120506/rmitbot_v1/lesson5_ws/install/rmitbot_bringup
[1.011s] Invoking command in '/home/v120506/rmitbot_v1/lesson5_ws/build/rmitbot_bringup': CMAKE_PREFIX_PATH=${CMAKE_PREFIX_PATH}:/opt/ros/jazzy DEBUGINFOD_URLS=https://debuginfod.ubuntu.com /usr/bin/cmake --build /home/v120506/rmitbot_v1/lesson5_ws/build/rmitbot_bringup -- -j8 -l8
[1.050s] Invoked command in '/home/v120506/rmitbot_v1/lesson5_ws/build/rmitbot_bringup' returned '0': CMAKE_PREFIX_PATH=${CMAKE_PREFIX_PATH}:/opt/ros/jazzy DEBUGINFOD_URLS=https://debuginfod.ubuntu.com /usr/bin/cmake --build /home/v120506/rmitbot_v1/lesson5_ws/build/rmitbot_bringup -- -j8 -l8
[1.060s] Invoking command in '/home/v120506/rmitbot_v1/lesson5_ws/build/rmitbot_bringup': CMAKE_PREFIX_PATH=${CMAKE_PREFIX_PATH}:/opt/ros/jazzy DEBUGINFOD_URLS=https://debuginfod.ubuntu.com /usr/bin/cmake --install /home/v120506/rmitbot_v1/lesson5_ws/build/rmitbot_bringup
[1.069s] -- Install configuration: ""
[1.069s] -- Installing: /home/v120506/rmitbot_v1/lesson5_ws/install/rmitbot_bringup/share/rmitbot_bringup/launch
[1.070s] -- Installing: /home/v120506/rmitbot_v1/lesson5_ws/install/rmitbot_bringup/share/rmitbot_bringup/launch/realrobot.launch.py
[1.070s] -- Installing: /home/v120506/rmitbot_v1/lesson5_ws/install/rmitbot_bringup/share/rmitbot_bringup/launch/simrobot.launch.py
[1.070s] -- Installing: /home/v120506/rmitbot_v1/lesson5_ws/install/rmitbot_bringup/share/ament_index/resource_index/package_run_dependencies/rmitbot_bringup
[1.070s] -- Installing: /home/v120506/rmitbot_v1/lesson5_ws/install/rmitbot_bringup/share/ament_index/resource_index/parent_prefix_path/rmitbot_bringup
[1.071s] -- Installing: /home/v120506/rmitbot_v1/lesson5_ws/install/rmitbot_bringup/share/rmitbot_bringup/environment/ament_prefix_path.sh
[1.071s] -- Installing: /home/v120506/rmitbot_v1/lesson5_ws/install/rmitbot_bringup/share/rmitbot_bringup/environment/ament_prefix_path.dsv
[1.071s] -- Installing: /home/v120506/rmitbot_v1/lesson5_ws/install/rmitbot_bringup/share/rmitbot_bringup/environment/path.sh
[1.071s] -- Installing: /home/v120506/rmitbot_v1/lesson5_ws/install/rmitbot_bringup/share/rmitbot_bringup/environment/path.dsv
[1.071s] -- Installing: /home/v120506/rmitbot_v1/lesson5_ws/install/rmitbot_bringup/share/rmitbot_bringup/local_setup.bash
[1.072s] -- Installing: /home/v120506/rmitbot_v1/lesson5_ws/install/rmitbot_bringup/share/rmitbot_bringup/local_setup.sh
[1.072s] -- Installing: /home/v120506/rmitbot_v1/lesson5_ws/install/rmitbot_bringup/share/rmitbot_bringup/local_setup.zsh
[1.072s] -- Installing: /home/v120506/rmitbot_v1/lesson5_ws/install/rmitbot_bringup/share/rmitbot_bringup/local_setup.dsv
[1.072s] -- Installing: /home/v120506/rmitbot_v1/lesson5_ws/install/rmitbot_bringup/share/rmitbot_bringup/package.dsv
[1.072s] -- Installing: /home/v120506/rmitbot_v1/lesson5_ws/install/rmitbot_bringup/share/ament_index/resource_index/packages/rmitbot_bringup
[1.072s] -- Installing: /home/v120506/rmitbot_v1/lesson5_ws/install/rmitbot_bringup/share/rmitbot_bringup/cmake/rmitbot_bringupConfig.cmake
[1.073s] -- Installing: /home/v120506/rmitbot_v1/lesson5_ws/install/rmitbot_bringup/share/rmitbot_bringup/cmake/rmitbot_bringupConfig-version.cmake
[1.073s] -- Installing: /home/v120506/rmitbot_v1/lesson5_ws/install/rmitbot_bringup/share/rmitbot_bringup/package.xml
[1.075s] Invoked command in '/home/v120506/rmitbot_v1/lesson5_ws/build/rmitbot_bringup' returned '0': CMAKE_PREFIX_PATH=${CMAKE_PREFIX_PATH}:/opt/ros/jazzy DEBUGINFOD_URLS=https://debuginfod.ubuntu.com /usr/bin/cmake --install /home/v120506/rmitbot_v1/lesson5_ws/build/rmitbot_bringup
