[0.012s] Invoking command in '/home/v120506/rmitbot_v1/lesson5_ws/build/rmitbot_description': CMAKE_PREFIX_PATH=${CMAKE_PREFIX_PATH}:/opt/ros/jazzy DEBUGINFOD_URLS=https://debuginfod.ubuntu.com /usr/bin/cmake /home/v120506/rmitbot_v1/lesson5_ws/src/rmitbot_description -DCMAKE_INSTALL_PREFIX=/home/v120506/rmitbot_v1/lesson5_ws/install/rmitbot_description
[0.153s] -- The C compiler identification is GNU 13.3.0
[0.296s] -- The CXX compiler identification is GNU 13.3.0
[0.313s] -- Detecting C compiler ABI info
[0.409s] -- Detecting C compiler ABI info - done
[0.425s] -- Check for working C compiler: /usr/bin/cc - skipped
[0.425s] -- Detecting C compile features
[0.426s] -- Detecting C compile features - done
[0.437s] -- Detecting CXX compiler ABI info
[0.548s] -- Detecting CXX compiler ABI info - done
[0.559s] -- Check for working CXX compiler: /usr/bin/c++ - skipped
[0.560s] -- Detecting CXX compile features
[0.560s] -- Detecting CXX compile features - done
[0.564s] -- Found ament_cmake: 2.5.4 (/opt/ros/jazzy/share/ament_cmake/cmake)
[0.776s] -- Found Python3: /usr/bin/python3 (found version "3.12.3") found components: Interpreter 
[0.967s] -- Found urdf: 2.10.0 (/opt/ros/jazzy/share/urdf/cmake)
[1.054s] -- Found TinyXML2 via Config file: /usr/lib/x86_64-linux-gnu/cmake/tinyxml2
[1.163s] -- Configuring done (1.1s)
[1.166s] -- Generating done (0.0s)
[1.167s] -- Build files have been written to: /home/v120506/rmitbot_v1/lesson5_ws/build/rmitbot_description
[1.173s] Invoked command in '/home/v120506/rmitbot_v1/lesson5_ws/build/rmitbot_description' returned '0': CMAKE_PREFIX_PATH=${CMAKE_PREFIX_PATH}:/opt/ros/jazzy DEBUGINFOD_URLS=https://debuginfod.ubuntu.com /usr/bin/cmake /home/v120506/rmitbot_v1/lesson5_ws/src/rmitbot_description -DCMAKE_INSTALL_PREFIX=/home/v120506/rmitbot_v1/lesson5_ws/install/rmitbot_description
[1.174s] Invoking command in '/home/v120506/rmitbot_v1/lesson5_ws/build/rmitbot_description': CMAKE_PREFIX_PATH=${CMAKE_PREFIX_PATH}:/opt/ros/jazzy DEBUGINFOD_URLS=https://debuginfod.ubuntu.com /usr/bin/cmake --build /home/v120506/rmitbot_v1/lesson5_ws/build/rmitbot_description -- -j8 -l8
[1.208s] Invoked command in '/home/v120506/rmitbot_v1/lesson5_ws/build/rmitbot_description' returned '0': CMAKE_PREFIX_PATH=${CMAKE_PREFIX_PATH}:/opt/ros/jazzy DEBUGINFOD_URLS=https://debuginfod.ubuntu.com /usr/bin/cmake --build /home/v120506/rmitbot_v1/lesson5_ws/build/rmitbot_description -- -j8 -l8
[1.209s] Invoking command in '/home/v120506/rmitbot_v1/lesson5_ws/build/rmitbot_description': CMAKE_PREFIX_PATH=${CMAKE_PREFIX_PATH}:/opt/ros/jazzy DEBUGINFOD_URLS=https://debuginfod.ubuntu.com /usr/bin/cmake --install /home/v120506/rmitbot_v1/lesson5_ws/build/rmitbot_description
[1.215s] -- Install configuration: ""
[1.215s] -- Installing: /home/v120506/rmitbot_v1/lesson5_ws/install/rmitbot_description/share/rmitbot_description/meshes
[1.215s] -- Installing: /home/v120506/rmitbot_v1/lesson5_ws/install/rmitbot_description/share/rmitbot_description/meshes/base_link.STL
[1.244s] -- Installing: /home/v120506/rmitbot_v1/lesson5_ws/install/rmitbot_description/share/rmitbot_description/meshes/caster_front_link.STL
[1.245s] -- Installing: /home/v120506/rmitbot_v1/lesson5_ws/install/rmitbot_description/share/rmitbot_description/meshes/wheel_left_link.STL
[1.248s] -- Installing: /home/v120506/rmitbot_v1/lesson5_ws/install/rmitbot_description/share/rmitbot_description/meshes/wheel_right_link.STL
[1.250s] -- Installing: /home/v120506/rmitbot_v1/lesson5_ws/install/rmitbot_description/share/rmitbot_description/meshes/caster_rear_link.STL
[1.252s] -- Installing: /home/v120506/rmitbot_v1/lesson5_ws/install/rmitbot_description/share/rmitbot_description/meshes/imu_link.STL
[1.253s] -- Installing: /home/v120506/rmitbot_v1/lesson5_ws/install/rmitbot_description/share/rmitbot_description/urdf
[1.254s] -- Installing: /home/v120506/rmitbot_v1/lesson5_ws/install/rmitbot_description/share/rmitbot_description/urdf/rmitbot.urdf.xacro
[1.254s] -- Installing: /home/v120506/rmitbot_v1/lesson5_ws/install/rmitbot_description/share/rmitbot_description/urdf/rmitbot_imu.xacro
[1.254s] -- Installing: /home/v120506/rmitbot_v1/lesson5_ws/install/rmitbot_description/share/rmitbot_description/urdf/rmitbot_gazebo.xacro
[1.254s] -- Installing: /home/v120506/rmitbot_v1/lesson5_ws/install/rmitbot_description/share/rmitbot_description/urdf/rmitbot_platform.xacro
[1.255s] -- Installing: /home/v120506/rmitbot_v1/lesson5_ws/install/rmitbot_description/share/rmitbot_description/urdf/rmitbot_ros2_control.xacro
[1.255s] -- Installing: /home/v120506/rmitbot_v1/lesson5_ws/install/rmitbot_description/share/rmitbot_description/launch
[1.255s] -- Installing: /home/v120506/rmitbot_v1/lesson5_ws/install/rmitbot_description/share/rmitbot_description/launch/gazebo.launch.py
[1.255s] -- Installing: /home/v120506/rmitbot_v1/lesson5_ws/install/rmitbot_description/share/rmitbot_description/launch/display.launch.py
[1.255s] -- Installing: /home/v120506/rmitbot_v1/lesson5_ws/install/rmitbot_description/share/rmitbot_description/rviz
[1.256s] -- Installing: /home/v120506/rmitbot_v1/lesson5_ws/install/rmitbot_description/share/rmitbot_description/rviz/display.rviz
[1.256s] -- Installing: /home/v120506/rmitbot_v1/lesson5_ws/install/rmitbot_description/share/ament_index/resource_index/package_run_dependencies/rmitbot_description
[1.256s] -- Installing: /home/v120506/rmitbot_v1/lesson5_ws/install/rmitbot_description/share/ament_index/resource_index/parent_prefix_path/rmitbot_description
[1.256s] -- Installing: /home/v120506/rmitbot_v1/lesson5_ws/install/rmitbot_description/share/rmitbot_description/environment/ament_prefix_path.sh
[1.256s] -- Installing: /home/v120506/rmitbot_v1/lesson5_ws/install/rmitbot_description/share/rmitbot_description/environment/ament_prefix_path.dsv
[1.256s] -- Installing: /home/v120506/rmitbot_v1/lesson5_ws/install/rmitbot_description/share/rmitbot_description/environment/path.sh
[1.256s] -- Installing: /home/v120506/rmitbot_v1/lesson5_ws/install/rmitbot_description/share/rmitbot_description/environment/path.dsv
[1.256s] -- Installing: /home/v120506/rmitbot_v1/lesson5_ws/install/rmitbot_description/share/rmitbot_description/local_setup.bash
[1.257s] -- Installing: /home/v120506/rmitbot_v1/lesson5_ws/install/rmitbot_description/share/rmitbot_description/local_setup.sh
[1.257s] -- Installing: /home/v120506/rmitbot_v1/lesson5_ws/install/rmitbot_description/share/rmitbot_description/local_setup.zsh
[1.257s] -- Installing: /home/v120506/rmitbot_v1/lesson5_ws/install/rmitbot_description/share/rmitbot_description/local_setup.dsv
[1.257s] -- Installing: /home/v120506/rmitbot_v1/lesson5_ws/install/rmitbot_description/share/rmitbot_description/package.dsv
[1.257s] -- Installing: /home/v120506/rmitbot_v1/lesson5_ws/install/rmitbot_description/share/ament_index/resource_index/packages/rmitbot_description
[1.257s] -- Installing: /home/v120506/rmitbot_v1/lesson5_ws/install/rmitbot_description/share/rmitbot_description/cmake/rmitbot_descriptionConfig.cmake
[1.257s] -- Installing: /home/v120506/rmitbot_v1/lesson5_ws/install/rmitbot_description/share/rmitbot_description/cmake/rmitbot_descriptionConfig-version.cmake
[1.257s] -- Installing: /home/v120506/rmitbot_v1/lesson5_ws/install/rmitbot_description/share/rmitbot_description/package.xml
[1.259s] Invoked command in '/home/v120506/rmitbot_v1/lesson5_ws/build/rmitbot_description' returned '0': CMAKE_PREFIX_PATH=${CMAKE_PREFIX_PATH}:/opt/ros/jazzy DEBUGINFOD_URLS=https://debuginfod.ubuntu.com /usr/bin/cmake --install /home/v120506/rmitbot_v1/lesson5_ws/build/rmitbot_description
